#-----------------------------------------------------------
# Vivado v2024.1 (64-bit)
# SW Build 5076996 on Wed May 22 18:37:14 MDT 2024
# IP Build 5075265 on Wed May 22 21:45:21 MDT 2024
# SharedData Build 5076995 on Wed May 22 18:29:18 MDT 2024
# Start of session at: Sun Dec  8 16:53:47 2024
# Process ID: 36128
# Current directory: X:/EC311-Project/test_code/Percy
# Command line: vivado.exe -gui_launcher_event rodinguilauncherevent38652 X:\EC311-Project\test_code\Percy\displayMonday.xpr
# Log file: X:/EC311-Project/test_code/Percy/vivado.log
# Journal file: X:/EC311-Project/test_code/Percy\vivado.jou
# Running On        :ECE-PHO115-23
# Platform          :Windows Server 2016 or Windows 10
# Operating System  :19045
# Processor Detail  :12th Gen Intel(R) Core(TM) i7-12700K
# CPU Frequency     :3610 MHz
# CPU Physical cores:12
# CPU Logical cores :20
# Host memory       :16853 MB
# Swap memory       :8501 MB
# Total Virtual     :25354 MB
# Available Virtual :5151 MB
#-----------------------------------------------------------
start_gui
open_project X:/EC311-Project/test_code/Percy/displayMonday.xpr
update_compile_order -fileset sources_1
