#-----------------------------------------------------------
# Vivado v2024.1.2 (64-bit)
# SW Build 5164865 on Thu Sep  5 14:37:11 MDT 2024
# IP Build 5164407 on Fri Sep  6 08:18:11 MDT 2024
# SharedData Build 5164864 on Thu Sep 05 13:09:09 MDT 2024
# Start of session at: Wed Dec  4 05:50:51 2024
# Process ID: 180860
# Current directory: X:/EC311 Project/project/project.sim/sim_1/behav/xsim
# Command line: vivado.exe -gui_launcher_event rodinguilauncherevent181828 X:\EC311 Project\project\project.sim\sim_1\behav\xsim\tilter_tb_behav.wdb
# Log file: X:/EC311 Project/project/project.sim/sim_1/behav/xsim/vivado.log
# Journal file: X:/EC311 Project/project/project.sim/sim_1/behav/xsim\vivado.jou
# Running On        :EDNA-PT2
# Platform          :Windows Server 2016 or Windows 10
# Operating System  :22631
# Processor Detail  :13th Gen Intel(R) Core(TM) i7-1360P
# CPU Frequency     :2611 MHz
# CPU Physical cores:12
# CPU Logical cores :16
# Host memory       :16849 MB
# Swap memory       :36876 MB
# Total Virtual     :53726 MB
# Available Virtual :10730 MB
#-----------------------------------------------------------
start_gui
open_wave_database {X:\EC311 Project\project\project.sim\sim_1\behav\xsim\tilter_tb_behav.wdb}
