#-----------------------------------------------------------
# Vivado v2024.1 (64-bit)
# SW Build 5076996 on Wed May 22 18:37:14 MDT 2024
# IP Build 5075265 on Wed May 22 21:45:21 MDT 2024
# SharedData Build 5076995 on Wed May 22 18:29:18 MDT 2024
# Start of session at: Sun Dec  8 16:56:45 2024
# Process ID: 29620
# Current directory: X:/EC311-Project/test_code/Percy/SundayProject
# Command line: vivado.exe -gui_launcher_event rodinguilauncherevent23824 X:\EC311-Project\test_code\Percy\SundayProject\SundayProject.xpr
# Log file: X:/EC311-Project/test_code/Percy/SundayProject/vivado.log
# Journal file: X:/EC311-Project/test_code/Percy/SundayProject\vivado.jou
# Running On        :ECE-PHO115-23
# Platform          :Windows Server 2016 or Windows 10
# Operating System  :19045
# Processor Detail  :12th Gen Intel(R) Core(TM) i7-12700K
# CPU Frequency     :3610 MHz
# CPU Physical cores:12
# CPU Logical cores :20
# Host memory       :16853 MB
# Swap memory       :8501 MB
# Total Virtual     :25354 MB
# Available Virtual :4538 MB
#-----------------------------------------------------------
start_gui
open_project X:/EC311-Project/test_code/Percy/SundayProject/SundayProject.xpr
add_files -norecurse {X:/EC311-Project/test_code/Bao/accelerometer/seg7_control.v X:/EC311-Project/test_code/Bao/accelerometer/iclk_gen.v X:/EC311-Project/test_code/Bao/accelerometer/accelerometer.v X:/EC311-Project/test_code/Bao/accelerometer/accelerometer_top.v}
close [ open X:/EC311-Project/test_code/Percy/SundayProject/SundayProject.srcs/sources_1/new/acl_data_decoder.v w ]
add_files X:/EC311-Project/test_code/Percy/SundayProject/SundayProject.srcs/sources_1/new/acl_data_decoder.v
close [ open X:/EC311-Project/test_code/Percy/SundayProject/SundayProject.srcs/sources_1/new/acctop_module.v w ]
add_files X:/EC311-Project/test_code/Percy/SundayProject/SundayProject.srcs/sources_1/new/acctop_module.v
# Disabling source management mode.  This is to allow the top design properties to be set without GUI intervention.
set_property source_mgmt_mode None [current_project]
set_property top acctop_module [current_fileset]
# Re-enabling previously disabled source management mode.
set_property source_mgmt_mode DisplayOnly [current_project]
set_property SOURCE_SET sources_1 [get_filesets sim_1]
close [ open X:/EC311-Project/test_code/Percy/SundayProject/SundayProject.srcs/sim_1/new/acctb.v w ]
add_files -fileset sim_1 X:/EC311-Project/test_code/Percy/SundayProject/SundayProject.srcs/sim_1/new/acctb.v
# Disabling source management mode.  This is to allow the top design properties to be set without GUI intervention.
set_property source_mgmt_mode None [current_project]
set_property top acctb [get_filesets sim_1]
set_property top_lib xil_defaultlib [get_filesets sim_1]
# Re-enabling previously disabled source management mode.
set_property source_mgmt_mode DisplayOnly [current_project]
launch_simulation
launch_simulation
launch_simulation
source acctb.tcl
close_sim
launch_simulation
source acctb.tcl
set_property SOURCE_SET sources_1 [get_filesets sim_1]
close [ open X:/EC311-Project/test_code/Percy/SundayProject/SundayProject.srcs/sim_1/new/tb_decoder.v w ]
add_files -fileset sim_1 X:/EC311-Project/test_code/Percy/SundayProject/SundayProject.srcs/sim_1/new/tb_decoder.v
# Disabling source management mode.  This is to allow the top design properties to be set without GUI intervention.
set_property source_mgmt_mode None [current_project]
set_property top tb_decoder [get_filesets sim_1]
set_property top_lib xil_defaultlib [get_filesets sim_1]
# Re-enabling previously disabled source management mode.
set_property source_mgmt_mode DisplayOnly [current_project]
launch_simulation
close_sim
launch_simulation
source tb_decoder.tcl
close_sim
launch_simulation
source tb_decoder.tcl
close_sim
launch_simulation
source tb_decoder.tcl
close_sim
launch_simulation
source tb_decoder.tcl
close_sim
launch_simulation
source tb_decoder.tcl
open_hw_manager
close_hw_manager
close_sim
launch_simulation
source tb_decoder.tcl
reset_run impl_1 -prev_step 
close_sim
close_project
open_project X:/EC311-Project/test_code/Percy/SundayProject/SundayProject.xpr
reset_run synth_1
launch_runs impl_1 -to_step write_bitstream -jobs 10
wait_on_run impl_1
reset_run impl_1 -prev_step 
launch_runs impl_1 -to_step write_bitstream -jobs 10
wait_on_run impl_1
close_project
open_project X:/EC311-Project/test_code/Percy/SundayProject/SundayProject.xpr
create_project project_1 X:/EC311-Project/test_code/Percy/project_1 -part xc7a100tcsg324-1
add_files -fileset constrs_1 -norecurse X:/EC311-Project/test_code/Bao/accelerometer/const_accelerometer.xdc
add_files -norecurse {X:/EC311-Project/test_code/Percy/SundayProject/SundayProject.srcs/sources_1/new/acctop_module.v X:/EC311-Project/test_code/Bao/accelerometer/accelerometer.v X:/EC311-Project/test_code/Percy/SundayProject/SundayProject.srcs/sources_1/new/acl_data_decoder.v}
update_compile_order -fileset sources_1
update_compile_order -fileset sources_1
launch_runs impl_1 -to_step write_bitstream -jobs 10
wait_on_run impl_1
reset_run impl_1
reset_run synth_1
launch_runs impl_1 -to_step write_bitstream -jobs 10
reset_run synth_1
open_hw_manager
launch_runs impl_1 -to_step write_bitstream -jobs 10
wait_on_run impl_1
connect_hw_server -allow_non_jtag
open_hw_target
current_hw_device [get_hw_devices xc7a100t_0]
refresh_hw_device -update_hw_probes false [lindex [get_hw_devices xc7a100t_0] 0]
current_project SundayProject
current_project project_1
current_project SundayProject
current_project project_1
reset_run synth_1
launch_runs impl_1 -to_step write_bitstream -jobs 10
wait_on_run impl_1
reset_run synth_1
launch_runs impl_1 -to_step write_bitstream -jobs 10
wait_on_run impl_1
open_run impl_1
set_property PROBES.FILE {} [get_hw_devices xc7a100t_0]
set_property FULL_PROBES.FILE {} [get_hw_devices xc7a100t_0]
set_property PROGRAM.FILE {X:/EC311-Project/test_code/Percy/project_1/project_1.runs/impl_1/acctop_module.bit} [get_hw_devices xc7a100t_0]
program_hw_devices [get_hw_devices xc7a100t_0]
refresh_hw_device [lindex [get_hw_devices xc7a100t_0] 0]
current_project SundayProject
current_project project_1
current_project SundayProject
current_project project_1
