#-----------------------------------------------------------
# Vivado v2024.1 (64-bit)
# SW Build 5076996 on Wed May 22 18:37:14 MDT 2024
# IP Build 5075265 on Wed May 22 21:45:21 MDT 2024
# SharedData Build 5076995 on Wed May 22 18:29:18 MDT 2024
# Start of session at: Tue Dec  3 14:40:48 2024
# Process ID: 13584
# Current directory: X:/EC311-Project/ProjectVivado
# Command line: vivado.exe -gui_launcher_event rodinguilauncherevent7324 X:\EC311-Project\ProjectVivado\ProjectVivado.xpr
# Log file: X:/EC311-Project/ProjectVivado/vivado.log
# Journal file: X:/EC311-Project/ProjectVivado\vivado.jou
# Running On        :ECE-PHO115-23
# Platform          :Windows Server 2016 or Windows 10
# Operating System  :19045
# Processor Detail  :12th Gen Intel(R) Core(TM) i7-12700K
# CPU Frequency     :3610 MHz
# CPU Physical cores:12
# CPU Logical cores :20
# Host memory       :16853 MB
# Swap memory       :5334 MB
# Total Virtual     :22187 MB
# Available Virtual :3118 MB
#-----------------------------------------------------------
start_gui
open_project X:/EC311-Project/ProjectVivado/ProjectVivado.xpr
update_compile_order -fileset sources_1
# Disabling source management mode.  This is to allow the top design properties to be set without GUI intervention.
set_property source_mgmt_mode None [current_project]
set_property top letter_decoder_tb [get_filesets sim_1]
set_property top_lib xil_defaultlib [get_filesets sim_1]
# Re-enabling previously disabled source management mode.
set_property source_mgmt_mode All [current_project]
update_compile_order -fileset sim_1
launch_simulation
source letter_decoder_tb.tcl
close_sim
launch_simulation
close_project
open_project X:/EC311-Project/ProjectVivado/ProjectVivado.xpr
update_compile_order -fileset sources_1
launch_simulation
launch_simulation
source letter_decoder_tb.tcl
close_sim
launch_simulation
launch_simulation
launch_simulation
source letter_decoder_tb.tcl
close_sim
launch_simulation
source letter_decoder_tb.tcl
save_wave_config {X:/EC311-Project/ProjectVivado/letter_decoder_tb_behav.wcfg}
add_files -fileset sim_1 -norecurse X:/EC311-Project/ProjectVivado/letter_decoder_tb_behav.wcfg
set_property xsim.view X:/EC311-Project/ProjectVivado/letter_decoder_tb_behav.wcfg [get_filesets sim_1]
