#-----------------------------------------------------------
# Vivado v2024.1 (64-bit)
# SW Build 5076996 on Wed May 22 18:37:14 MDT 2024
# IP Build 5075265 on Wed May 22 21:45:21 MDT 2024
# SharedData Build 5076995 on Wed May 22 18:29:18 MDT 2024
# Start of session at: Wed Dec  4 10:34:32 2024
# Process ID: 18404
# Current directory: X:/EC311-Project/ProjectVivado
# Command line: vivado.exe -gui_launcher_event rodinguilauncherevent23720 X:\EC311-Project\ProjectVivado\ProjectVivado.xpr
# Log file: X:/EC311-Project/ProjectVivado/vivado.log
# Journal file: X:/EC311-Project/ProjectVivado\vivado.jou
# Running On        :ECE-PHO115-14
# Platform          :Windows Server 2016 or Windows 10
# Operating System  :19045
# Processor Detail  :12th Gen Intel(R) Core(TM) i7-12700K
# CPU Frequency     :3610 MHz
# CPU Physical cores:12
# CPU Logical cores :20
# Host memory       :16853 MB
# Swap memory       :2550 MB
# Total Virtual     :19403 MB
# Available Virtual :2505 MB
#-----------------------------------------------------------
start_gui
open_project X:/EC311-Project/ProjectVivado/ProjectVivado.xpr
update_compile_order -fileset sources_1
launch_simulation
open_wave_config X:/EC311-Project/ProjectVivado/letter_decoder_tb_behav.wcfg
source letter_decoder_tb.tcl
close_sim
launch_simulation
open_wave_config X:/EC311-Project/ProjectVivado/letter_decoder_tb_behav.wcfg
source letter_decoder_tb.tcl
add_bp {X:/EC311-Project/ProjectVivado/ProjectVivado.srcs/sources_1/new/letter_decoder.v} 103
remove_bps -file {X:/EC311-Project/ProjectVivado/ProjectVivado.srcs/sources_1/new/letter_decoder.v} -line 103
close_sim
launch_simulation
open_wave_config X:/EC311-Project/ProjectVivado/letter_decoder_tb_behav.wcfg
source letter_decoder_tb.tcl
add_bp {X:/EC311-Project/ProjectVivado/ProjectVivado.srcs/sources_1/new/letter_decoder.v} 119
remove_bps -file {X:/EC311-Project/ProjectVivado/ProjectVivado.srcs/sources_1/new/letter_decoder.v} -line 119
close_sim
launch_simulation
open_wave_config X:/EC311-Project/ProjectVivado/letter_decoder_tb_behav.wcfg
source letter_decoder_tb.tcl
close_sim
launch_simulation
open_wave_config X:/EC311-Project/ProjectVivado/letter_decoder_tb_behav.wcfg
source letter_decoder_tb.tcl
close_sim
launch_simulation
open_wave_config X:/EC311-Project/ProjectVivado/letter_decoder_tb_behav.wcfg
source letter_decoder_tb.tcl
close_sim
launch_simulation
open_wave_config X:/EC311-Project/ProjectVivado/letter_decoder_tb_behav.wcfg
source letter_decoder_tb.tcl
close_sim
launch_simulation
open_wave_config X:/EC311-Project/ProjectVivado/letter_decoder_tb_behav.wcfg
source letter_decoder_tb.tcl
close_sim
launch_simulation
open_wave_config X:/EC311-Project/ProjectVivado/letter_decoder_tb_behav.wcfg
source letter_decoder_tb.tcl
close_sim
launch_simulation
open_wave_config X:/EC311-Project/ProjectVivado/letter_decoder_tb_behav.wcfg
source letter_decoder_tb.tcl
close_sim
launch_simulation
open_wave_config X:/EC311-Project/ProjectVivado/letter_decoder_tb_behav.wcfg
source letter_decoder_tb.tcl
relaunch_sim
close_sim
launch_simulation
open_wave_config X:/EC311-Project/ProjectVivado/letter_decoder_tb_behav.wcfg
source letter_decoder_tb.tcl
close_sim
launch_simulation
open_wave_config X:/EC311-Project/ProjectVivado/letter_decoder_tb_behav.wcfg
source letter_decoder_tb.tcl
relaunch_sim
close_sim
launch_simulation
open_wave_config X:/EC311-Project/ProjectVivado/letter_decoder_tb_behav.wcfg
source letter_decoder_tb.tcl
save_wave_config {X:/EC311-Project/ProjectVivado/letter_decoder_tb_behav.wcfg}
save_wave_config {X:/EC311-Project/ProjectVivado/letter_decoder_tb_behav.wcfg}
close_sim
launch_simulation
open_wave_config X:/EC311-Project/ProjectVivado/letter_decoder_tb_behav.wcfg
source letter_decoder_tb.tcl
close_sim
launch_simulation
open_wave_config X:/EC311-Project/ProjectVivado/letter_decoder_tb_behav.wcfg
source letter_decoder_tb.tcl
relaunch_sim
