#-----------------------------------------------------------
# Vivado v2024.1 (64-bit)
# SW Build 5076996 on Wed May 22 18:37:14 MDT 2024
# IP Build 5075265 on Wed May 22 21:45:21 MDT 2024
# SharedData Build 5076995 on Wed May 22 18:29:18 MDT 2024
# Start of session at: Sun Dec  8 18:22:47 2024
# Process ID: 32252
# Current directory: X:/EC311-Project/test_code/Percy/SundayProject/SundayProject.runs/synth_1
# Command line: vivado.exe -log acctop_module.vds -product Vivado -mode batch -messageDb vivado.pb -notrace -source acctop_module.tcl
# Log file: X:/EC311-Project/test_code/Percy/SundayProject/SundayProject.runs/synth_1/acctop_module.vds
# Journal file: X:/EC311-Project/test_code/Percy/SundayProject/SundayProject.runs/synth_1\vivado.jou
# Running On        :ECE-PHO115-23
# Platform          :Windows Server 2016 or Windows 10
# Operating System  :19045
# Processor Detail  :12th Gen Intel(R) Core(TM) i7-12700K
# CPU Frequency     :3610 MHz
# CPU Physical cores:12
# CPU Logical cores :20
# Host memory       :16853 MB
# Swap memory       :10685 MB
# Total Virtual     :27539 MB
# Available Virtual :4637 MB
#-----------------------------------------------------------
source acctop_module.tcl -notrace
